{
  "version": "1.5.0",
  "plugins_used": [
    {
      "name": "ArtifactoryDetector"
    },
    {
      "name": "AWSKeyDetector"
    },
    {
      "name": "AzureStorageKeyDetector"
    },
    {
      "name": "Base64HighEntropyString",
      "limit": 4.5
    },
    {
      "name": "BasicAuthDetector"
    },
    {
      "name": "CloudantDetector"
    },
    {
      "name": "DiscordBotTokenDetector"
    },
    {
      "name": "GitHubTokenDetector"
    },
    {
      "name": "GitLabTokenDetector"
    },
    {
      "name": "HexHighEntropyString",
      "limit": 3.0
    },
    {
      "name": "IbmCloudIamDetector"
    },
    {
      "name": "IbmCosHmacDetector"
    },
    {
      "name": "IPPublicDetector"
    },
    {
      "name": "JwtTokenDetector"
    },
    {
      "name": "KeywordDetector",
      "keyword_exclude": ""
    },
    {
      "name": "MailchimpDetector"
    },
    {
      "name": "NpmDetector"
    },
    {
      "name": "OpenAIDetector"
    },
    {
      "name": "PrivateKeyDetector"
    },
    {
      "name": "PypiTokenDetector"
    },
    {
      "name": "SendGridDetector"
    },
    {
      "name": "SlackDetector"
    },
    {
      "name": "SoftlayerDetector"
    },
    {
      "name": "SquareOAuthDetector"
    },
    {
      "name": "StripeDetector"
    },
    {
      "name": "TelegramBotTokenDetector"
    },
    {
      "name": "TwilioKeyDetector"
    }
  ],
  "filters_used": [
    {
      "path": "detect_secrets.filters.allowlist.is_line_allowlisted"
    },
    {
      "path": "detect_secrets.filters.common.is_ignored_due_to_verification_policies",
      "min_level": 2
    },
    {
      "path": "detect_secrets.filters.heuristic.is_indirect_reference"
    },
    {
      "path": "detect_secrets.filters.heuristic.is_likely_id_string"
    },
    {
      "path": "detect_secrets.filters.heuristic.is_lock_file"
    },
    {
      "path": "detect_secrets.filters.heuristic.is_not_alphanumeric_string"
    },
    {
      "path": "detect_secrets.filters.heuristic.is_potential_uuid"
    },
    {
      "path": "detect_secrets.filters.heuristic.is_prefixed_with_dollar_sign"
    },
    {
      "path": "detect_secrets.filters.heuristic.is_sequential_string"
    },
    {
      "path": "detect_secrets.filters.heuristic.is_swagger_file"
    },
    {
      "path": "detect_secrets.filters.heuristic.is_templated_secret"
    }
  ],
  "results": {
    "Jenkinsfile-gitops": [
      {
        "type": "Secret Keyword",
        "filename": "Jenkinsfile-gitops",
        "hashed_secret": "5dd930336be0305aa963ccfe3e3bb9afe4c77dc8",
        "is_verified": false,
        "line_number": 179
      },
      {
        "type": "Secret Keyword",
        "filename": "Jenkinsfile-gitops",
        "hashed_secret": "711078899b53ab3ba7e235cbac6f298a5d95373f",
        "is_verified": false,
        "line_number": 212
      }
    ],
    "Jenkinsfile-k3s": [
      {
        "type": "Secret Keyword",
        "filename": "Jenkinsfile-k3s",
        "hashed_secret": "5dd930336be0305aa963ccfe3e3bb9afe4c77dc8",
        "is_verified": false,
        "line_number": 187
      }
    ],
    "backend\\.env.example": [
      {
        "type": "Basic Auth Credentials",
        "filename": "backend\\.env.example",
        "hashed_secret": "faf799f4a9e7a64dc8b5784339edc12e151778ab",
        "is_verified": false,
        "line_number": 19
      }
    ],
    "backend\\alembic\\versions\\6ee2f727c980_initial_schema.py": [
      {
        "type": "Hex High Entropy String",
        "filename": "backend\\alembic\\versions\\6ee2f727c980_initial_schema.py",
        "hashed_secret": "1892ad7b8f6fac56ea65baac1ec66322ffffd5f4",
        "is_verified": false,
        "line_number": 17
      }
    ],
    "backend\\alembic\\versions\\8b01d103d59c_add_is_deleted_to_user.py": [
      {
        "type": "Hex High Entropy String",
        "filename": "backend\\alembic\\versions\\8b01d103d59c_add_is_deleted_to_user.py",
        "hashed_secret": "a66e10dc500e20dd9aa04474df0cdf4d9be106f0",
        "is_verified": false,
        "line_number": 17
      }
    ],
    "backend\\alembic\\versions\\b8fc9d7ab3fe_add_total_required_qty_to_materials.py": [
      {
        "type": "Hex High Entropy String",
        "filename": "backend\\alembic\\versions\\b8fc9d7ab3fe_add_total_required_qty_to_materials.py",
        "hashed_secret": "cb9f23cd79c127fee7cb03e2756b19326f01767d",
        "is_verified": false,
        "line_number": 17
      }
    ],
    "backend\\app\\core\\config.py": [
      {
        "type": "Base64 High Entropy String",
        "filename": "backend\\app\\core\\config.py",
        "hashed_secret": "9a8fb174bc884cada1218031b0f5dc2f542e630c",
        "is_verified": false,
        "line_number": 36
      },
      {
        "type": "Basic Auth Credentials",
        "filename": "backend\\app\\core\\config.py",
        "hashed_secret": "9d4e1e23bd5b727046a9e3b4b7db57bd8d6ee684",
        "is_verified": false,
        "line_number": 44
      }
    ],
    "backend\\tests\\conftest.py": [
      {
        "type": "Basic Auth Credentials",
        "filename": "backend\\tests\\conftest.py",
        "hashed_secret": "2da3366809c2905321fccb42a783a5b4b40dc014",
        "is_verified": false,
        "line_number": 55
      }
    ],
    "backend\\tests\\test_auth.py": [
      {
        "type": "Secret Keyword",
        "filename": "backend\\tests\\test_auth.py",
        "hashed_secret": "e5e9fa1ba31ecd1ae84f75caaa474f3a663f05f4",
        "is_verified": false,
        "line_number": 41
      },
      {
        "type": "Secret Keyword",
        "filename": "backend\\tests\\test_auth.py",
        "hashed_secret": "a45ac62d9dfc286eb76e5b9a4584613e1076bd93",
        "is_verified": false,
        "line_number": 66
      }
    ],
    "k8s\\helm-chart\\values\\app.yaml": [
      {
        "type": "Secret Keyword",
        "filename": "k8s\\helm-chart\\values\\app.yaml",
        "hashed_secret": "e5d686fd3cdfba894c2e09a53b92d0c8268d1a50",
        "is_verified": false,
        "line_number": 8
      }
    ],
    "performance-tests\\results\\health-summary.json": [
      {
        "type": "Hex High Entropy String",
        "filename": "performance-tests\\results\\health-summary.json",
        "hashed_secret": "67a74306b06d0c01624fe0d0249a570f4d093747",
        "is_verified": false,
        "line_number": 6
      }
    ],
    "scripts\\fault-drills\\overrides\\bad-db-host.yml": [
      {
        "type": "Basic Auth Credentials",
        "filename": "scripts\\fault-drills\\overrides\\bad-db-host.yml",
        "hashed_secret": "faf799f4a9e7a64dc8b5784339edc12e151778ab",
        "is_verified": false,
        "line_number": 27
      }
    ],
    "terraform\\terraform.tfvars.example": [
      {
        "type": "Secret Keyword",
        "filename": "terraform\\terraform.tfvars.example",
        "hashed_secret": "d5681fb31fde7bb536b063fc4a4c18458db64a0f",
        "is_verified": false,
        "line_number": 23
      },
      {
        "type": "Secret Keyword",
        "filename": "terraform\\terraform.tfvars.example",
        "hashed_secret": "83cae600fea484688f41da27ccd5a6b2c3f4c1e9",
        "is_verified": false,
        "line_number": 25
      },
      {
        "type": "Secret Keyword",
        "filename": "terraform\\terraform.tfvars.example",
        "hashed_secret": "b67511d9ce26a1815067edcfa2248930191a2626",
        "is_verified": false,
        "line_number": 29
      }
    ]
  },
  "generated_at": "2026-08-22T07:40:25Z"
}
